<?xml version="1.0" encoding="utf-8"?><testsuites name="pytest tests"><testsuite name="pytest" errors="0" failures="0" skipped="0" tests="32" time="2.968" timestamp="2026-03-22T14:05:56.764415+05:30" hostname="Rizzy.local"><testcase classname="tests.cli.test_cli_commands.TestCmdIndex" name="test_index_simple_repo" time="0.301" /><testcase classname="tests.cli.test_cli_commands.TestCmdStats" name="test_stats_no_index" time="0.003" /><testcase classname="tests.cli.test_cli_commands.TestCmdIndex" name="test_index_with_force" time="0.433" /><testcase classname="tests.cli.test_cli_commands.TestCmdInvalidate" name="test_invalidate_already_clear" time="0.009" /><testcase classname="tests.cli.test_cli_integration.TestCLIIntegration" name="test_index_and_invalidate" time="0.364" /><testcase classname="tests.cli.test_cli_parser.TestBuildParser" name="test_index_with_force" time="0.011" /><testcase classname="tests.cli.test_cli_parser.TestBuildParser" name="test_index_command" time="0.010" /><testcase classname="tests.cli.test_cli_integration.TestCLIIntegration" name="test_snapshots_empty" time="0.020" /><testcase classname="tests.cli.test_cli_commands.TestCmdWebhook" name="test_invalid_payload" time="0.003" /><testcase classname="tests.cli.test_cli_parser.TestBuildParser" name="test_index_budget_tokens" time="0.009" /><testcase classname="tests.cli.test_cli_integration.TestCLIIntegration" name="test_webhook_via_main" time="0.003" /><testcase classname="tests.cli.test_cli_integration.TestCLIIntegration" name="test_index_and_stats" time="0.552" /><testcase classname="tests.cli.test_cli_commands.TestCmdWebhook" name="test_valid_payload" time="0.005" /><testcase classname="tests.cli.test_cli_parser.TestBuildParser" name="test_index_snapshot" time="0.003" /><testcase classname="tests.cli.test_cli_parser.TestBuildParser" name="test_index_with_extensions" time="0.004" /><testcase classname="tests.cli.test_cli_commands.TestCmdInvalidate" name="test_invalidate_clears_cache" time="0.002" /><testcase classname="tests.cli.test_cli_parser.TestBuildParser" name="test_snapshots_command" time="0.002" /><testcase classname="tests.cli.test_cli_parser.TestBuildParser" name="test_invalidate_command" time="0.002" /><testcase classname="tests.cli.test_cli_parser.TestBuildParser" name="test_missing_command_raises" time="0.004" /><testcase classname="tests.cli.test_cli_parser.TestBuildParser" name="test_patch_command" time="0.003" /><testcase classname="tests.cli.test_cli_parser.TestBuildParser" name="test_stats_command" time="0.004" /><testcase classname="tests.test_flask_fixture" name="test_flask_repo_exists" time="0.001" /><testcase classname="tests.test_flask_fixture" name="test_flask_repo_metadata_file" time="0.000" /><testcase classname="tests.cli.test_cli_parser.TestBuildParser" name="test_index_defaults" time="0.023" /><testcase classname="tests.test_flask_fixture" name="test_flask_repo_metadata" time="0.002" /><testcase classname="tests.cli.test_cli_parser.TestBuildParser" name="test_missing_required_root_raises" time="0.003" /><testcase classname="tests.test_flask_fixture" name="test_flask_repo_structure" time="0.001" /><testcase classname="tests.cli.test_cli_parser.TestBuildParser" name="test_patch_with_diff" time="0.001" /><testcase classname="tests.cli.test_cli_commands.TestCmdIndex" name="test_index_nonexistent_root" time="0.001" /><testcase classname="tests.cli.test_cli_integration.TestCLIIntegration" name="test_index_creates_output_files" time="0.151" /><testcase classname="tests.cli.test_cli_commands.TestCmdStats" name="test_stats_after_index" time="0.385" /><testcase classname="tests.cli.test_cli_parser.TestBuildParser" name="test_webhook_command" time="0.001" /></testsuite></testsuites>